// Jest Snapshot v1, https://goo.gl/fbAQLP

exports[`Container Component has correct default styles 1`] = `
.c0 {
  background-color: #ccd1d9;
  color: #fff;
  font-size: 14px;
  padding: 15px 20px;
}

<div
  className="c0"
/>
`;
