// Jest Snapshot v1, https://goo.gl/fbAQLP

exports[`ErrorText Component has correct default styles 1`] = `
.c0 {
  display: inline-block;
  background-color: #ed5565;
  color: #fff;
  margin-top: 10px;
  padding: 10px;
  font-size: 12px;
}

<span
  className="c0"
>
  Some Content
</span>
`;
