// Jest Snapshot v1, https://goo.gl/fbAQLP

exports[`StyledTextArea Component has correct default styles 1`] = `
.c0 {
  padding: 10px 10px;
  border: 1px solid #ccd1d9;
  margin-top: 10px;
  width: 400px;
  height: 200px;
  background-color: transparent;
}

<textarea
  className="c0"
/>
`;
